// Jest Snapshot v1, https://goo.gl/fbAQLP

exports[`renders setlist Title given a setlist 1`] = `
<div>
  <a
    class="MuiTypography-root MuiLink-root MuiLink-underlineHover sc-AxjAm jngDRX MuiTypography-colorPrimary"
    href="/setlist/undefined"
  >
    Donald Duck Setlist
  </a>
</div>
`;
